C51 COMPILER V7.06   DC_MOTOR_RATE                                                         08/19/2012 22:41:39 PAGE 1   


C51 COMPILER V7.06, COMPILATION OF MODULE DC_MOTOR_RATE
OBJECT MODULE PLACED IN .\obj\dc_motor_rate.obj
COMPILER INVOKED BY: C:\Keil\C51\BIN\C51.EXE dc_motor_rate.c BROWSE DEBUG OBJECTEXTEND PRINT(.\list\dc_motor_rate.lst) O
                    -BJECT(.\obj\dc_motor_rate.obj)

stmt level    source

   1          /*-----------------------------------------------
   2            名称：独立按键控制直流电机调速
   3            论坛：www.doflye.net
   4            编写：shifang
   5            日期：2009.5
   6            修改：无
   7            内容：对应的电机接口需用杜邦线连接到uln2003电机控制端
   8                  使用5V-12V 小功率电机皆可 2个按键分别加速和减速
   9          ------------------------------------------------*/
  10          #include<reg52.h> //包含头文件，一般情况不需要改动，头文件包含特殊功能寄存器的定义
  11          
  12          #define KeyPort P3
  13          
  14          #define DataPort P0 //定义数据端口 程序中遇到DataPort 则用P0 替换
  15          sbit LATCH1=P2^2;//定义锁存使能端口 段锁存
  16          sbit LATCH2=P2^3;//                 位锁存
  17          
  18          sbit DCOUT = P1^1;//定义电机信号输出端口
  19          /*------------------------------------------------
  20                            全局变量
  21          ------------------------------------------------*/
  22          unsigned char PWM_ON;   //定义速度等级
  23          #define CYCLE 10        //周期
  24          
  25          unsigned char code dofly_DuanMa[10]={0x3f,0x06,0x5b,0x4f,0x66,0x6d,0x7d,0x07,0x7f,0x6f};// 显示段码值0~9
  26          unsigned char code dofly_WeiMa[]={0xfe,0xfd,0xfb,0xf7,0xef,0xdf,0xbf,0x7f};//分别对应相应的数码管点亮,即位
             -码
  27          unsigned char TempData[8]; //存储显示值的全局变量
  28          /*------------------------------------------------
  29                            函数声明
  30          ------------------------------------------------*/
  31          void DelayUs2x(unsigned char t);//us级延时函数声明 
  32          void DelayMs(unsigned char t); //ms级延时
  33          void Display(unsigned char FirstBit,unsigned char Num);//数码管显示函数
  34          unsigned char KeyScan(void);//键盘扫描
  35          void Init_Timer0(void);//定时器初始化
  36          /*------------------------------------------------
  37                              主函数
  38          ------------------------------------------------*/
  39          void main (void)
  40          {
  41   1      unsigned char num;                  
  42   1      PWM_ON=0;
  43   1      Init_Timer0();    //初始化定时器0，主要用于数码管动态扫描
  44   1      
  45   1      TempData[0]=0x5E; //'d'
  46   1      TempData[1]=0x39; //'C'
  47   1      
  48   1      while (1)         //主循环
  49   1        {
  50   2      
  51   2       
  52   2         num=KeyScan();    //循环调用按键扫描
  53   2         if(num==1)//第一个按键,速度等级增加
C51 COMPILER V7.06   DC_MOTOR_RATE                                                         08/19/2012 22:41:39 PAGE 2   

  54   2            {
  55   3                 if(PWM_ON<CYCLE)
  56   3                 PWM_ON++;
  57   3                }     
  58   2         else if(num==2)//第二个按键，速度等级减小
  59   2            {
  60   3                 if(PWM_ON>0)
  61   3                 PWM_ON--;
  62   3                }     
  63   2        TempData[5]=dofly_DuanMa[PWM_ON/10]; //显示速度等级
  64   2        TempData[6]=dofly_DuanMa[PWM_ON%10];   
  65   2        }
  66   1      }
  67          /*------------------------------------------------
  68           uS延时函数，含有输入参数 unsigned char t，无返回值
  69           unsigned char 是定义无符号字符变量，其值的范围是
  70           0~255 这里使用晶振12M，精确延时请使用汇编,大致延时
  71           长度如下 T=tx2+5 uS 
  72          ------------------------------------------------*/
  73          void DelayUs2x(unsigned char t)
  74          {   
  75   1       while(--t);
  76   1      }
  77          /*------------------------------------------------
  78           mS延时函数，含有输入参数 unsigned char t，无返回值
  79           unsigned char 是定义无符号字符变量，其值的范围是
  80           0~255 这里使用晶振12M，精确延时请使用汇编
  81          ------------------------------------------------*/
  82          void DelayMs(unsigned char t)
  83          {
  84   1           
  85   1       while(t--)
  86   1       {
  87   2           //大致延时1mS
  88   2           DelayUs2x(245);
  89   2               DelayUs2x(245);
  90   2       }
  91   1      }
  92          /*------------------------------------------------
  93           显示函数，用于动态扫描数码管
  94           输入参数 FirstBit 表示需要显示的第一位，如赋值2表
  95           示从第三个数码管开始显示，如输入0表示从第一个显示。
  96           Num表示需要显示的位数，如需要显示99两位数值则该值
  97           输入2
  98          ------------------------------------------------*/
  99          void Display(unsigned char FirstBit,unsigned char Num)
 100          {
 101   1            static unsigned char i=0;
 102   1                
 103   1      
 104   1                 DataPort=0;   //清空数据，防止有交替重影
 105   1             LATCH1=1;     //段锁存
 106   1             LATCH1=0;
 107   1      
 108   1             DataPort=dofly_WeiMa[i+FirstBit]; //取位码 
 109   1             LATCH2=1;     //位锁存
 110   1             LATCH2=0;
 111   1      
 112   1             DataPort=TempData[i]; //取显示数据，段码
 113   1             LATCH1=1;     //段锁存
 114   1             LATCH1=0;
 115   1             
C51 COMPILER V7.06   DC_MOTOR_RATE                                                         08/19/2012 22:41:39 PAGE 3   

 116   1                 i++;
 117   1             if(i==Num)
 118   1                    i=0;
 119   1      
 120   1      
 121   1      }
 122          /*------------------------------------------------
 123                              定时器初始化子程序
 124          ------------------------------------------------*/
 125          void Init_Timer0(void)
 126          {
 127   1       TMOD |= 0x01;    //使用模式1，16位定时器，使用"|"符号可以在使用多个定时器时不受影响                 
 128   1       //TH0=0x00;          //给定初值
 129   1       //TL0=0x00;
 130   1       EA=1;            //总中断打开
 131   1       ET0=1;           //定时器中断打开
 132   1       TR0=1;           //定时器开关打开
 133   1      }
 134          /*------------------------------------------------
 135                           定时器中断子程序
 136          ------------------------------------------------*/
 137          void Timer0_isr(void) interrupt 1 
 138          {
 139   1       static unsigned char count;
 140   1       TH0=(65536-1000)/256;            //重新赋值 2ms
 141   1       TL0=(65536-1000)%256;
 142   1       
 143   1       Display(0,8);                // 调用数码管扫描
 144   1       
 145   1      if (count==PWM_ON) 
 146   1          {
 147   2           DCOUT = 0;               //如果定时等于on的时间，
 148   2                               //说明作用时间结束，输出低电平
 149   2          }
 150   1        count++;
 151   1      if(count == CYCLE)       //反之低电平时间结束后返回高电平
 152   1          {
 153   2          count=0;
 154   2              if(PWM_ON!=0)    //如果开启时间是0 保持原来状态
 155   2                 DCOUT = 1;      
 156   2      
 157   2          }
 158   1       
 159   1      }
 160          
 161          /*------------------------------------------------
 162          按键扫描函数，返回扫描键值
 163          ------------------------------------------------*/
 164          unsigned char KeyScan(void)
 165          {
 166   1       unsigned char keyvalue;
 167   1       if(KeyPort!=0xff)
 168   1         {
 169   2          DelayMs(10);
 170   2          if(KeyPort!=0xff)
 171   2                 {
 172   3                  keyvalue=KeyPort;
 173   3                  while(KeyPort!=0xff);
 174   3                      switch(keyvalue)
 175   3                      {
 176   4                       case 0xfe:return 1;break;
 177   4                       case 0xfd:return 2;break;
C51 COMPILER V7.06   DC_MOTOR_RATE                                                         08/19/2012 22:41:39 PAGE 4   

 178   4                       case 0xfb:return 3;break;
 179   4                       case 0xf7:return 4;break;
 180   4                       case 0xef:return 5;break;
 181   4                       case 0xdf:return 6;break;
 182   4                       case 0xbf:return 7;break;
 183   4                       case 0x7f:return 8;break;
 184   4                       default:return 0;break;
 185   4                      }
 186   3                }
 187   2         }
 188   1         return 0;
 189   1      }
 190          


MODULE INFORMATION:   STATIC OVERLAYABLE
   CODE SIZE        =    295    ----
   CONSTANT SIZE    =     18    ----
   XDATA SIZE       =   ----    ----
   PDATA SIZE       =   ----    ----
   DATA SIZE        =     11    ----
   IDATA SIZE       =   ----    ----
   BIT SIZE         =   ----    ----
END OF MODULE INFORMATION.


C51 COMPILATION COMPLETE.  0 WARNING(S),  0 ERROR(S)
