C51 COMPILER V7.06   TIMER                                                                 08/09/2012 22:15:34 PAGE 1   


C51 COMPILER V7.06, COMPILATION OF MODULE TIMER
OBJECT MODULE PLACED IN .\obj\timer.obj
COMPILER INVOKED BY: C:\Keil\C51\BIN\C51.EXE timer.c BROWSE DEBUG OBJECTEXTEND PRINT(.\list\timer.lst) OBJECT(.\obj\time
                    -r.obj)

stmt level    source

   1          /*exercise for timer*/
   2          
   3          #include <REG51.H>
   4          
   5          sbit LED = P2;
   6          /*init for the timer*/
   7          void init_timer0(void)
   8          {
   9   1              TMOD |= 0x01;
  10   1              TH0 = (65536-500)/256;
  11   1              TL0 = (65536-500)*256;
  12   1              EA = 1;
  13   1              ET0 = 1;
  14   1              TR0 = 1;
  15   1      }
  16          
  17          main()
  18          {
  19   1              init_timer0();
  20   1              while(1);
  21   1      }
  22          
  23          /*ISR*/
  24          void timer0_isr(void) interrupt 1 using 1
  25          {
  26   1              static unsigned char i;
  27   1              TH0 = (65536-500)/256;
  28   1              TL0 = (65536-500)%256;
  29   1              i++;
  30   1              P2 = i;
  31   1              LED = P2;
  32   1      }


MODULE INFORMATION:   STATIC OVERLAYABLE
   CODE SIZE        =     47    ----
   CONSTANT SIZE    =   ----    ----
   XDATA SIZE       =   ----    ----
   PDATA SIZE       =   ----    ----
   DATA SIZE        =      1    ----
   IDATA SIZE       =   ----    ----
   BIT SIZE         =   ----    ----
END OF MODULE INFORMATION.


C51 COMPILATION COMPLETE.  0 WARNING(S),  0 ERROR(S)
